** [BAR /eatmyshorts /opt/poplog/V16/pop/com <false>]